{
  "kind": "Program",
  "collections": [
    {
      "tableMeta": [
        {
          "value": "prop1",
          "kind": "PropertyName"
        },
        {
          "value": "prop2",
          "kind": "PropertyName"
        },
        {
          "value": "prop3",
          "kind": "PropertyName"
        }
      ],
      "name": {
        "value": "CollectionTableMetaTest",
        "kind": "CollectionName"
      },
      "kind": "Collection"
    }
  ]
}
