{
  "kind": "Program",
  "collections": [
    {
      "name": {
        "value": "collectionformtest",
        "kind": "CollectionName"
      },
      "kind": "Collection",
      "form": [
        {
          "propertyName": {
            "value": "prop1",
            "kind": "PropertyName"
          },
          "kind": "FormItem"
        },
        {
          "propertyName": {
            "value": "prop2",
            "kind": "PropertyName"
          },
          "kind": "FormItem"
        }
      ]
    }
  ]
}
