{
  "kind": "Program",
  "collections": [
    {
      "tableMeta": [
        {
          "propertyName": {
            "value": "prop1",
            "kind": "PropertyName"
          },
          "kind": "TableMetaItem"
        },
        {
          "propertyName": {
            "value": "prop2",
            "kind": "PropertyName"
          },
          "kind": "TableMetaItem"
        },
        {
          "propertyName": {
            "value": "prop3",
            "kind": "PropertyName"
          },
          "kind": "TableMetaItem"
        }
      ],
      "name": {
        "value": "CollectionTableMetaTest",
        "kind": "CollectionName"
      },
      "kind": "Collection"
    }
  ]
}
