{
  "kind": "Program",
  "collections": [
    {
      "name": {
        "value": "CollectionWritableTest",
        "kind": "CollectionName"
      },
      "kind": "Collection",
      "writable": [
        {
          "value": "prop1",
          "kind": "PropertyName"
        },
        {
          "value": "prop2",
          "kind": "PropertyName"
        },
        {
          "value": "prop3",
          "kind": "PropertyName"
        }
      ]
    }
  ]
}
