{
  "kind": "Program",
  "collections": [
    {
      "properties": [
        {
          "type": {
            "kind": "PEnum"
          },
          "name": {
            "value": "prop",
            "kind": "PropertyName"
          },
          "kind": "Property",
          "attributes": [
            {
              "kind": "Attribute",
              "attributeValue": {
                "literal": {
                  "value": [
                    {
                      "value": "value1",
                      "kind": "LString"
                    },
                    {
                      "value": "value2",
                      "kind": "LString"
                    }
                    ,
                    {
                      "value": "value3",
                      "kind": "LString"
                    }
                  ],
                  "kind": "LArray"
                },
                "kind": "ALiteral"
              },
              "attributeName": {
                "value": "values",
                "kind": "AttributeName"
              }
            }
          ]
        }
      ],
      "name": {
        "value": "CollectionPropertyEnumTest",
        "kind": "CollectionName"
      },
      "kind": "Collection"
    }
  ]
}
