{
  "kind": "Program",
  "collections": [
    {
      "kind": "Collection",
      "name": {
        "value": "CollectionPresetsTest",
        "kind": "CollectionName"
      },
      "presets": [
        {
          "propertyName": {
            "value": "crud",
            "kind": "PropertyName"
          },
          "kind": "PresetItem"
        },
        {
          "propertyName": {
            "value": "view",
            "kind": "PropertyName"
          },
          "kind": "PresetItem"
        }
      ]
    }
  ]
}
