{
  "kind": "Program",
  "collections": [
    {
      "name": {
        "value": "collectionwritabletest",
        "kind": "CollectionName"
      },
      "kind": "Collection",
      "writable": [
        {
          "propertyName": {
            "value": "prop1",
            "kind": "PropertyName"
          },
          "kind": "WritableItem"
        },
        {
          "propertyName": {
            "value": "prop2",
            "kind": "PropertyName"
          },
          "kind": "WritableItem"
        },
        {
          "propertyName": {
            "value": "prop3",
            "kind": "PropertyName"
          },
          "kind": "WritableItem"
        }
      ]
    }
  ]
}
