{
  "kind": "Program",
  "collections": [
    {
      "properties": [
        {
          "type": {
            "kind": "PString"
          },
          "name": {
            "value": "name",
            "kind": "PropertyName"
          },
          "kind": "Property",
          "attributes": []
        }
      ],
      "name": {
        "value": "CollectionPropertyArrayRefTest2",
        "kind": "CollectionName"
      },
      "kind": "Collection"
    },
    {
      "properties": [
        {
          "type": {
            "type": {
              "ref": {
                "value": "CollectionPropertyArrayRefTest2",
                "kind": "CollectionName"
              },
              "kind": "PRef"
            },
            "kind": "PArray"
          },
          "name": {
            "value": "prop",
            "kind": "PropertyName"
          },
          "kind": "Property",
          "attributes": []
        }
      ],
      "name": {
        "value": "CollectionPropertyArrayRefTest",
        "kind": "CollectionName"
      },
      "kind": "Collection"
    }
  ]
}
