{
  "kind": "Program",
  "collections": [
    {
      "properties": [
        {
          "type": {
            "kind": "PString"
          },
          "name": {
            "value": "first_name",
            "kind": "PropertyName"
          },
          "kind": "Property"
        },
        {
          "type": {
            "kind": "PString"
          },
          "name": {
            "value": "last_name",
            "kind": "PropertyName"
          },
          "kind": "Property"
        }
      ],
      "name": {
        "value": "user",
        "kind": "CollectionName"
      },
      "kind": "Collection",
      "getters": [
        {
          "name": {
            "value": "full_name",
            "kind": "PropertyName"
          },
          "macro": {
            "macro": "{\n      return `${doc.first_name} ${doc.last_name}`\n    }\n    ",
            "kind": "Macro"
          },
          "kind": "Getter"
        }
      ]
    }
  ]
}
