{
  "kind": "Program",
  "collections": [
    {
      "properties": [
        {
          "type": {
            "kind": "PConst"
          },
          "name": {
            "value": "prop1",
            "kind": "PropertyName"
          },
          "kind": "Property",
          "attributes": [
            {
              "kind": "Attribute",
              "attributeValue": {
                "literal": {
                  "value": "test",
                  "kind": "LString"
                },
                "kind": "ALiteral"
              },
              "attributeName": {
                "value": "value",
                "kind": "AttributeName"
              }
            }
          ]
        },
        {
          "type": {
            "kind": "PConst"
          },
          "name": {
            "value": "prop2",
            "kind": "PropertyName"
          },
          "kind": "Property",
          "attributes": [
            {
              "kind": "Attribute",
              "attributeValue": {
                "literal": {
                  "value": 1.1,
                  "kind": "LNum"
                },
                "kind": "ALiteral"
              },
              "attributeName": {
                "value": "value",
                "kind": "AttributeName"
              }
            }
          ]
        },
        {
          "type": {
            "kind": "PConst"
          },
          "name": {
            "value": "prop3",
            "kind": "PropertyName"
          },
          "kind": "Property",
          "attributes": [
            {
              "kind": "Attribute",
              "attributeValue": {
                "literal": {
                  "value": 1,
                  "kind": "LInteger"
                },
                "kind": "ALiteral"
              },
              "attributeName": {
                "value": "value",
                "kind": "AttributeName"
              }
            }
          ]
        },
        {
          "type": {
            "kind": "PConst"
          },
          "name": {
            "value": "prop4",
            "kind": "PropertyName"
          },
          "kind": "Property",
          "attributes": [
            {
              "kind": "Attribute",
              "attributeValue": {
                "literal": {
                  "value": false,
                  "kind": "LBoolean"
                },
                "kind": "ALiteral"
              },
              "attributeName": {
                "value": "value",
                "kind": "AttributeName"
              }
            }
          ]
        },
        {
          "type": {
            "kind": "PConst"
          },
          "name": {
            "value": "prop5",
            "kind": "PropertyName"
          },
          "kind": "Property",
          "attributes": [
            {
              "kind": "Attribute",
              "attributeValue": {
                "literal": {
                  "kind": "LUndefined"
                },
                "kind": "ALiteral"
              },
              "attributeName": {
                "value": "value",
                "kind": "AttributeName"
              }
            }
          ]
        },
        {
          "type": {
            "kind": "PConst"
          },
          "name": {
            "value": "prop6",
            "kind": "PropertyName"
          },
          "kind": "Property",
          "attributes": [
            {
              "kind": "Attribute",
              "attributeValue": {
                "literal": {
                  "kind": "LNull"
                },
                "kind": "ALiteral"
              },
              "attributeName": {
                "value": "value",
                "kind": "AttributeName"
              }
            }
          ]
        }
      ],
      "name": {
        "value": "collectionpropertyconsttest",
        "kind": "CollectionName"
      },
      "kind": "Collection"
    }
  ]
}
