{
  "kind": "Program",
  "collections": [
    {
      "name": {
        "value": "CollectionPropertyRefTest2",
        "kind": "CollectionName"
      },
      "kind": "Collection"
    },
    {
      "properties": [
        {
          "type": {
            "ref": {
              "value": "CollectionPropertyRefTest2",
              "kind": "CollectionName"
            },
            "kind": "PRef"
          },
          "name": {
            "value": "prop",
            "kind": "PropertyName"
          },
          "kind": "Property",
          "attributes": []
        }
      ],
      "name": {
        "value": "CollectionPropertyRefTest",
        "kind": "CollectionName"
      },
      "kind": "Collection"
    }
  ]
}
