{
  "kind": "Program",
  "collections": [
    {
      "name": {
        "value": "collectiongettersexample",
        "kind": "CollectionName"
      },
      "kind": "Collection",
      "getters": [
        {
          "name": {
            "value": "foo",
            "kind": "PropertyName"
          },
          "macro": {
            "macro": "{\n      return \"foo\"\n    }\n    ",
            "kind": "Macro"
          },
          "kind": "Getter"
        },
        {
          "name": {
            "value": "bar",
            "kind": "PropertyName"
          },
          "macro": {
            "macro": "{\n      if (){}\n      return \"bar\"\n    }\n    ",
            "kind": "Macro"
          },
          "kind": "Getter"
        }
      ]
    }
  ]
}
